 ┃                                                                                                                 ✎
 ┃ What's 2+2?
 ┃

    root


   2 + 2 equals 4.

























 ──────────────────────────────────────────────────────────────────────────────────────────────────────────────────────

 Type your message here…



 Ctrl+c quit  Tab switch focus  Ctrl+t/w new/close tab  Ctrl+p/n prev/next tab  Ctrl...  │ + new tab  docker agent test